../drivers/Src/stm32f070xx_spi_driver.c:27:6:SPI_PeriClockControl	16	static
../drivers/Src/stm32f070xx_spi_driver.c:64:6:SPI_Init	24	static
../drivers/Src/stm32f070xx_spi_driver.c:121:6:SPI_DeInit	16	static
../drivers/Src/stm32f070xx_spi_driver.c:133:9:SPI_GetFlagStatus	16	static
../drivers/Src/stm32f070xx_spi_driver.c:157:6:SPI_SendData	24	static
../drivers/Src/stm32f070xx_spi_driver.c:198:6:SPI_ReceiveData	24	static
../drivers/Src/stm32f070xx_spi_driver.c:240:6:SPI_IRQInterruptConfig	16	static
../drivers/Src/stm32f070xx_spi_driver.c:294:6:SPI_IRQPriorityConfig	32	static
../drivers/Src/stm32f070xx_spi_driver.c:314:6:SPI_IRQHandling	32	static
../drivers/Src/stm32f070xx_spi_driver.c:359:6:SPI_PeripheralControl	16	static
../drivers/Src/stm32f070xx_spi_driver.c:382:6:SPI_SSIConfig	16	static
../drivers/Src/stm32f070xx_spi_driver.c:406:6:SPI_SSOEConfig	16	static
../drivers/Src/stm32f070xx_spi_driver.c:430:9:SPI_SendDataIT	32	static
../drivers/Src/stm32f070xx_spi_driver.c:464:9:SPI_ReceiveDataIT	32	static
../drivers/Src/stm32f070xx_spi_driver.c:503:13:spi_txne_interrupt_handle	16	static
../drivers/Src/stm32f070xx_spi_driver.c:544:13:spi_rxne_interrupt_handle	16	static
../drivers/Src/stm32f070xx_spi_driver.c:583:13:spi_ovr_err_interrupt_handle	24	static
../drivers/Src/stm32f070xx_spi_driver.c:608:6:SPI_CloseTransmission	16	static
../drivers/Src/stm32f070xx_spi_driver.c:625:6:SPI_CloseReception	16	static
../drivers/Src/stm32f070xx_spi_driver.c:643:6:SPI_ClearOVRFlag	24	static
../drivers/Src/stm32f070xx_spi_driver.c:663:13:SPI_ApplicationEventCallback	16	static
