17:03:17 **** Incremental Build of configuration Debug for project 002HSI_Measurement ****
make -j8 all 
arm-none-eabi-gcc "../Src/main.c" -mcpu=cortex-m0 -std=gnu11 -g3 -DDEBUG -DSTM32F070RBTx -DSTM32 -DSTM32F0 -DNUCLEO_F070RB -c -I../Inc -O0 -ffunction-sections -fdata-sections -Wall -fstack-usage -fcyclomatic-complexity -MMD -MP -MF"Src/main.d" -MT"Src/main.o" --specs=nano.specs -mfloat-abi=soft -mthumb -o "Src/main.o"
arm-none-eabi-gcc -o "002HSI_Measurement.elf" @"objects.list"   -mcpu=cortex-m0 -T"C:\Users\Administrator\STM32CubeIDE\workspace_1.13.2\002HSI_Measurement\STM32F070RBTX_FLASH.ld" --specs=nosys.specs -Wl,-Map="002HSI_Measurement.map" -Wl,--gc-sections -static --specs=nano.specs -mfloat-abi=soft -mthumb -Wl,--start-group -lc -lm -Wl,--end-group
Finished building target: 002HSI_Measurement.elf
 
arm-none-eabi-size   002HSI_Measurement.elf 
arm-none-eabi-objdump -h -S  002HSI_Measurement.elf  > "002HSI_Measurement.list"
   text	   data	    bss	    dec	    hex	filename
    612	      8	   1568	   2188	    88c	002HSI_Measurement.elf
Finished building: default.size.stdout
 
Finished building: 002HSI_Measurement.list
 

17:03:20 Build Finished. 0 errors, 0 warnings. (took 3s.260ms)

