14:23:48 **** Incremental Build of configuration Debug for project debuggingPractice ****
make -j8 all 
arm-none-eabi-gcc "../Src/main.c" -mcpu=cortex-m0 -std=gnu11 -g3 -DDEBUG -DSTM32F070RBTx -DSTM32 -DSTM32F0 -DNUCLEO_F070RB -c -I../Inc -O0 -ffunction-sections -fdata-sections -Wall -fstack-usage -fcyclomatic-complexity -MMD -MP -MF"Src/main.d" -MT"Src/main.o" --specs=nano.specs -mfloat-abi=soft -mthumb -o "Src/main.o"
arm-none-eabi-gcc -o "debuggingPractice.elf" @"objects.list"   -mcpu=cortex-m0 -T"C:\Users\Administrator\STM32CubeIDE\workspace_1.13.2\debuggingPractice\STM32F070RBTX_FLASH.ld" --specs=nosys.specs -Wl,-Map="debuggingPractice.map" -Wl,--gc-sections -static --specs=nano.specs -mfloat-abi=soft -mthumb -Wl,--start-group -lc -lm -Wl,--end-group
Finished building target: debuggingPractice.elf
 
arm-none-eabi-size   debuggingPractice.elf 
arm-none-eabi-objdump -h -S  debuggingPractice.elf  > "debuggingPractice.list"
   text	   data	    bss	    dec	    hex	filename
   6848	    172	   1900	   8920	   22d8	debuggingPractice.elf
Finished building: default.size.stdout
 
Finished building: debuggingPractice.list
 

14:23:49 Build Finished. 0 errors, 0 warnings. (took 973ms)

