15:55:09 **** Incremental Build of configuration Debug for project VayuVeer-Filters ****
make -j4 all 
arm-none-eabi-gcc "../Src/FIR.c" -mcpu=cortex-m4 -std=gnu11 -g3 -DDEBUG -DSTM32 -DSTM32F4 -DSTM32F446RETx -DNUCLEO_F446RE -c -I../Inc -O0 -ffunction-sections -fdata-sections -Wall -fstack-usage -fcyclomatic-complexity -MMD -MP -MF"Src/FIR.d" -MT"Src/FIR.o" --specs=nano.specs -mfpu=fpv4-sp-d16 -mfloat-abi=hard -mthumb -o "Src/FIR.o"
arm-none-eabi-gcc -o "VayuVeer-Filters.elf" @"objects.list"   -mcpu=cortex-m4 -T"C:\Users\iamna\STM32CubeIDE\workspace_1.14.0\VayuVeer-Filters\STM32F446RETX_FLASH.ld" --specs=nosys.specs -Wl,-Map="VayuVeer-Filters.map" -Wl,--gc-sections -static -u_printf_float --specs=nano.specs -mfpu=fpv4-sp-d16 -mfloat-abi=hard -mthumb -Wl,--start-group -lc -lm -Wl,--end-group
Finished building target: VayuVeer-Filters.elf
 
arm-none-eabi-size  VayuVeer-Filters.elf 
arm-none-eabi-objdump -h -S VayuVeer-Filters.elf  > "VayuVeer-Filters.list"
   text	   data	    bss	    dec	    hex	filename
  16120	    464	   1904	  18488	   4838	VayuVeer-Filters.elf
Finished building: default.size.stdout
 
Finished building: VayuVeer-Filters.list
 
