18:37:51 **** Incremental Build of configuration Debug for project stm32f070xx_drivers ****
make -j8 all 
arm-none-eabi-gcc "../drivers/Src/stm32f070xx_gpio_driver.c" -mcpu=cortex-m0 -std=gnu11 -g3 -DDEBUG -DSTM32F070RBTx -DSTM32 -DSTM32F0 -DNUCLEO_F070RB -c -I../Inc -I"C:/Users/Administrator/STM32CubeIDE/workspace_1.13.2/stm32f070xx_drivers/drivers/Inc" -O0 -ffunction-sections -fdata-sections -Wall -fstack-usage -fcyclomatic-complexity -MMD -MP -MF"drivers/Src/stm32f070xx_gpio_driver.d" -MT"drivers/Src/stm32f070xx_gpio_driver.o" --specs=nano.specs -mfloat-abi=soft -mthumb -o "drivers/Src/stm32f070xx_gpio_driver.o"
arm-none-eabi-gcc -o "stm32f070xx_drivers.elf" @"objects.list"   -mcpu=cortex-m0 -T"C:\Users\Administrator\STM32CubeIDE\workspace_1.13.2\stm32f070xx_drivers\STM32F070RBTX_FLASH.ld" --specs=nosys.specs -Wl,-Map="stm32f070xx_drivers.map" -Wl,--gc-sections -static --specs=nano.specs -mfloat-abi=soft -mthumb -Wl,--start-group -lc -lm -Wl,--end-group
Finished building target: stm32f070xx_drivers.elf
 
arm-none-eabi-size   stm32f070xx_drivers.elf 
arm-none-eabi-objdump -h -S  stm32f070xx_drivers.elf  > "stm32f070xx_drivers.list"
   text	   data	    bss	    dec	    hex	filename
   2168	      8	   1568	   3744	    ea0	stm32f070xx_drivers.elf
Finished building: default.size.stdout
 
Finished building: stm32f070xx_drivers.list
 
18:40:50 **** Incremental Build of configuration Debug for project stm32f070xx_drivers ****
make -j8 all 
arm-none-eabi-size   stm32f070xx_drivers.elf 
   text	   data	    bss	    dec	    hex	filename
   2168	      8	   1568	   3744	    ea0	stm32f070xx_drivers.elf
Finished building: default.size.stdout
 
18:43:41 **** Incremental Build of configuration Debug for project stm32f070xx_drivers ****
make -j8 all 
arm-none-eabi-size   stm32f070xx_drivers.elf 
   text	   data	    bss	    dec	    hex	filename
   2168	      8	   1568	   3744	    ea0	stm32f070xx_drivers.elf
Finished building: default.size.stdout
 
18:45:40 **** Incremental Build of configuration Debug for project stm32f070xx_drivers ****
make -j8 all 
arm-none-eabi-gcc "../drivers/Src/stm32f070xx_gpio_driver.c" -mcpu=cortex-m0 -std=gnu11 -g3 -DDEBUG -DSTM32F070RBTx -DSTM32 -DSTM32F0 -DNUCLEO_F070RB -c -I../Inc -I"C:/Users/Administrator/STM32CubeIDE/workspace_1.13.2/stm32f070xx_drivers/drivers/Inc" -O0 -ffunction-sections -fdata-sections -Wall -fstack-usage -fcyclomatic-complexity -MMD -MP -MF"drivers/Src/stm32f070xx_gpio_driver.d" -MT"drivers/Src/stm32f070xx_gpio_driver.o" --specs=nano.specs -mfloat-abi=soft -mthumb -o "drivers/Src/stm32f070xx_gpio_driver.o"
arm-none-eabi-gcc "../Src/003button_interrupt.c" -mcpu=cortex-m0 -std=gnu11 -g3 -DDEBUG -DSTM32F070RBTx -DSTM32 -DSTM32F0 -DNUCLEO_F070RB -c -I../Inc -I"C:/Users/Administrator/STM32CubeIDE/workspace_1.13.2/stm32f070xx_drivers/drivers/Inc" -O0 -ffunction-sections -fdata-sections -Wall -fstack-usage -fcyclomatic-complexity -MMD -MP -MF"Src/003button_interrupt.d" -MT"Src/003button_interrupt.o" --specs=nano.specs -mfloat-abi=soft -mthumb -o "Src/003button_interrupt.o"
arm-none-eabi-gcc -o "stm32f070xx_drivers.elf" @"objects.list"   -mcpu=cortex-m0 -T"C:\Users\Administrator\STM32CubeIDE\workspace_1.13.2\stm32f070xx_drivers\STM32F070RBTX_FLASH.ld" --specs=nosys.specs -Wl,-Map="stm32f070xx_drivers.map" -Wl,--gc-sections -static --specs=nano.specs -mfloat-abi=soft -mthumb -Wl,--start-group -lc -lm -Wl,--end-group
Finished building target: stm32f070xx_drivers.elf
 
arm-none-eabi-size   stm32f070xx_drivers.elf 
arm-none-eabi-objdump -h -S  stm32f070xx_drivers.elf  > "stm32f070xx_drivers.list"
   text	   data	    bss	    dec	    hex	filename
   2160	      8	   1568	   3736	    e98	stm32f070xx_drivers.elf
Finished building: default.size.stdout
 
Finished building: stm32f070xx_drivers.list
 
18:47:51 **** Incremental Build of configuration Debug for project stm32f070xx_drivers ****
make -j8 all 
arm-none-eabi-gcc "../drivers/Src/stm32f070xx_gpio_driver.c" -mcpu=cortex-m0 -std=gnu11 -g3 -DDEBUG -DSTM32F070RBTx -DSTM32 -DSTM32F0 -DNUCLEO_F070RB -c -I../Inc -I"C:/Users/Administrator/STM32CubeIDE/workspace_1.13.2/stm32f070xx_drivers/drivers/Inc" -O0 -ffunction-sections -fdata-sections -Wall -fstack-usage -fcyclomatic-complexity -MMD -MP -MF"drivers/Src/stm32f070xx_gpio_driver.d" -MT"drivers/Src/stm32f070xx_gpio_driver.o" --specs=nano.specs -mfloat-abi=soft -mthumb -o "drivers/Src/stm32f070xx_gpio_driver.o"
arm-none-eabi-gcc -o "stm32f070xx_drivers.elf" @"objects.list"   -mcpu=cortex-m0 -T"C:\Users\Administrator\STM32CubeIDE\workspace_1.13.2\stm32f070xx_drivers\STM32F070RBTX_FLASH.ld" --specs=nosys.specs -Wl,-Map="stm32f070xx_drivers.map" -Wl,--gc-sections -static --specs=nano.specs -mfloat-abi=soft -mthumb -Wl,--start-group -lc -lm -Wl,--end-group
Finished building target: stm32f070xx_drivers.elf
 
arm-none-eabi-size   stm32f070xx_drivers.elf 
arm-none-eabi-objdump -h -S  stm32f070xx_drivers.elf  > "stm32f070xx_drivers.list"
   text	   data	    bss	    dec	    hex	filename
   2160	      8	   1568	   3736	    e98	stm32f070xx_drivers.elf
Finished building: default.size.stdout
 
Finished building: stm32f070xx_drivers.list
 
18:48:15 **** Incremental Build of configuration Debug for project stm32f070xx_drivers ****
make -j8 all 
arm-none-eabi-size   stm32f070xx_drivers.elf 
   text	   data	    bss	    dec	    hex	filename
   2160	      8	   1568	   3736	    e98	stm32f070xx_drivers.elf
Finished building: default.size.stdout
 
