14:54:27 **** Build of configuration Debug for project stm32f070xx_drivers ****
make -j4 all 
arm-none-eabi-gcc "../drivers/Src/stm32f070xx_gpio_driver.c" -mcpu=cortex-m0 -std=gnu11 -g3 -DDEBUG -DSTM32F070RBTx -DSTM32 -DSTM32F0 -DNUCLEO_F070RB -c -I../Inc -I"C:/Users/iamna/STM32CubeIDE/workspace_1.14.0/stm32f070xx_drivers/drivers/Inc" -O0 -ffunction-sections -fdata-sections -Wall -fstack-usage -fcyclomatic-complexity -MMD -MP -MF"drivers/Src/stm32f070xx_gpio_driver.d" -MT"drivers/Src/stm32f070xx_gpio_driver.o" --specs=nano.specs -mfloat-abi=soft -mthumb -o "drivers/Src/stm32f070xx_gpio_driver.o"
arm-none-eabi-gcc -mcpu=cortex-m0 -g3 -DDEBUG -c -x assembler-with-cpp -MMD -MP -MF"Startup/startup_stm32f070rbtx.d" -MT"Startup/startup_stm32f070rbtx.o" --specs=nano.specs -mfloat-abi=soft -mthumb -o "Startup/startup_stm32f070rbtx.o" "../Startup/startup_stm32f070rbtx.s"
arm-none-eabi-gcc "../Src/003button_interrupt.c" -mcpu=cortex-m0 -std=gnu11 -g3 -DDEBUG -DSTM32F070RBTx -DSTM32 -DSTM32F0 -DNUCLEO_F070RB -c -I../Inc -I"C:/Users/iamna/STM32CubeIDE/workspace_1.14.0/stm32f070xx_drivers/drivers/Inc" -O0 -ffunction-sections -fdata-sections -Wall -fstack-usage -fcyclomatic-complexity -MMD -MP -MF"Src/003button_interrupt.d" -MT"Src/003button_interrupt.o" --specs=nano.specs -mfloat-abi=soft -mthumb -o "Src/003button_interrupt.o"
arm-none-eabi-gcc "../Src/syscalls.c" -mcpu=cortex-m0 -std=gnu11 -g3 -DDEBUG -DSTM32F070RBTx -DSTM32 -DSTM32F0 -DNUCLEO_F070RB -c -I../Inc -I"C:/Users/iamna/STM32CubeIDE/workspace_1.14.0/stm32f070xx_drivers/drivers/Inc" -O0 -ffunction-sections -fdata-sections -Wall -fstack-usage -fcyclomatic-complexity -MMD -MP -MF"Src/syscalls.d" -MT"Src/syscalls.o" --specs=nano.specs -mfloat-abi=soft -mthumb -o "Src/syscalls.o"
arm-none-eabi-gcc "../Src/sysmem.c" -mcpu=cortex-m0 -std=gnu11 -g3 -DDEBUG -DSTM32F070RBTx -DSTM32 -DSTM32F0 -DNUCLEO_F070RB -c -I../Inc -I"C:/Users/iamna/STM32CubeIDE/workspace_1.14.0/stm32f070xx_drivers/drivers/Inc" -O0 -ffunction-sections -fdata-sections -Wall -fstack-usage -fcyclomatic-complexity -MMD -MP -MF"Src/sysmem.d" -MT"Src/sysmem.o" --specs=nano.specs -mfloat-abi=soft -mthumb -o "Src/sysmem.o"
arm-none-eabi-gcc -o "stm32f070xx_drivers.elf" @"objects.list"   -mcpu=cortex-m0 -T"C:\Users\iamna\STM32CubeIDE\workspace_1.14.0\stm32f070xx_drivers\STM32F070RBTX_FLASH.ld" --specs=nosys.specs -Wl,-Map="stm32f070xx_drivers.map" -Wl,--gc-sections -static --specs=nano.specs -mfloat-abi=soft -mthumb -Wl,--start-group -lc -lm -Wl,--end-group
Finished building target: stm32f070xx_drivers.elf
 
arm-none-eabi-size  stm32f070xx_drivers.elf 
arm-none-eabi-objdump -h -S stm32f070xx_drivers.elf  > "stm32f070xx_drivers.list"
   text	   data	    bss	    dec	    hex	filename
   2160	      8	   1568	   3736	    e98	stm32f070xx_drivers.elf
Finished building: default.size.stdout
 
Finished building: stm32f070xx_drivers.list
 

14:54:29 Build Finished. 0 errors, 0 warnings. (took 1s.518ms)

