20:05:12 **** Incremental Build of configuration Debug for project stm32f466xx_drivers ****
make -j8 all 
arm-none-eabi-gcc "../Src/main.c" -mcpu=cortex-m4 -std=gnu11 -g3 -DDEBUG -DSTM32 -DSTM32F4 -DSTM32F446RETx -DNUCLEO_F446RE -c -I../Inc -O0 -ffunction-sections -fdata-sections -Wall -fstack-usage -fcyclomatic-complexity -MMD -MP -MF"Src/main.d" -MT"Src/main.o" --specs=nano.specs -mfpu=fpv4-sp-d16 -mfloat-abi=hard -mthumb -o "Src/main.o"
arm-none-eabi-gcc -o "stm32f466xx_drivers.elf" @"objects.list"   -mcpu=cortex-m4 -T"C:\Users\Administrator\STM32CubeIDE\workspace_1.13.2\stm32f466xx_drivers\STM32F446RETX_FLASH.ld" --specs=nosys.specs -Wl,-Map="stm32f466xx_drivers.map" -Wl,--gc-sections -static --specs=nano.specs -mfpu=fpv4-sp-d16 -mfloat-abi=hard -mthumb -Wl,--start-group -lc -lm -Wl,--end-group
Finished building target: stm32f466xx_drivers.elf
 
arm-none-eabi-size  stm32f466xx_drivers.elf 
arm-none-eabi-objdump -h -S stm32f466xx_drivers.elf  > "stm32f466xx_drivers.list"
   text	   data	    bss	    dec	    hex	filename
    704	      8	   1568	   2280	    8e8	stm32f466xx_drivers.elf
Finished building: default.size.stdout
 
Finished building: stm32f466xx_drivers.list
 

20:05:13 Build Finished. 0 errors, 0 warnings. (took 1s.11ms)

