10:27:30 **** Incremental Build of configuration Debug for project stm32f446xx_drivers ****
make -j8 all 
arm-none-eabi-gcc "../Src/001led_toggle.c" -mcpu=cortex-m4 -std=gnu11 -g3 -DDEBUG -DSTM32 -DSTM32F4 -DSTM32F446RETx -DNUCLEO_F446RE -c -I../Inc -I"C:/Users/Administrator/STM32CubeIDE/workspace_1.13.2/stm32f446xx_drivers/drivers/Inc" -O0 -ffunction-sections -fdata-sections -Wall -fstack-usage -fcyclomatic-complexity -MMD -MP -MF"Src/001led_toggle.d" -MT"Src/001led_toggle.o" --specs=nano.specs -mfpu=fpv4-sp-d16 -mfloat-abi=hard -mthumb -o "Src/001led_toggle.o"
arm-none-eabi-gcc -o "stm32f446xx_drivers.elf" @"objects.list"   -mcpu=cortex-m4 -T"C:\Users\Administrator\STM32CubeIDE\workspace_1.13.2\stm32f446xx_drivers\STM32F446RETX_FLASH.ld" --specs=nosys.specs -Wl,-Map="stm32f446xx_drivers.map" -Wl,--gc-sections -static --specs=nano.specs -mfpu=fpv4-sp-d16 -mfloat-abi=hard -mthumb -Wl,--start-group -lc -lm -Wl,--end-group
Finished building target: stm32f446xx_drivers.elf
 
arm-none-eabi-size  stm32f446xx_drivers.elf 
arm-none-eabi-objdump -h -S stm32f446xx_drivers.elf  > "stm32f446xx_drivers.list"
   text	   data	    bss	    dec	    hex	filename
   2072	      8	   1568	   3648	    e40	stm32f446xx_drivers.elf
Finished building: default.size.stdout
 
Finished building: stm32f446xx_drivers.list
 

10:27:31 Build Finished. 0 errors, 0 warnings. (took 621ms)

