21:39:47 **** Incremental Build of configuration Debug for project volatileKeyword ****
make -j8 all 
arm-none-eabi-gcc "../Src/main.c" -mcpu=cortex-m0 -std=gnu11 -g3 -DDEBUG -DSTM32F070RBTx -DSTM32 -DSTM32F0 -DNUCLEO_F070RB -c -I../Inc -O3 -ffunction-sections -fdata-sections -Wall -fstack-usage -fcyclomatic-complexity -MMD -MP -MF"Src/main.d" -MT"Src/main.o" --specs=nano.specs -mfloat-abi=soft -mthumb -o "Src/main.o"
arm-none-eabi-gcc -o "volatileKeyword.elf" @"objects.list"   -mcpu=cortex-m0 -T"C:\Users\Administrator\STM32CubeIDE\workspace_1.13.2\volatileKeyword\STM32F070RBTX_FLASH.ld" --specs=nosys.specs -Wl,-Map="volatileKeyword.map" -Wl,--gc-sections -static --specs=nano.specs -mfloat-abi=soft -mthumb -Wl,--start-group -lc -lm -Wl,--end-group
Finished building target: volatileKeyword.elf
 
arm-none-eabi-size   volatileKeyword.elf 
arm-none-eabi-objdump -h -S  volatileKeyword.elf  > "volatileKeyword.list"
   text	   data	    bss	    dec	    hex	filename
    448	      8	   1568	   2024	    7e8	volatileKeyword.elf
Finished building: default.size.stdout
 
Finished building: volatileKeyword.list
 

21:39:48 Build Finished. 0 errors, 0 warnings. (took 525ms)

